[15-Sep-2025 15:19:10 Etc/UTC] Get User Info Error: SQLSTATE[42S22]: Column not found: 1054 Unknown column 'u.year_started_residing' in 'field list'
[15-Sep-2025 15:37:29 Etc/UTC] Get User Info Error: SQLSTATE[42S22]: Column not found: 1054 Unknown column 'u.year_started_residing' in 'field list'
[15-Sep-2025 16:03:19 Etc/UTC] Get User Info Error: SQLSTATE[42S22]: Column not found: 1054 Unknown column 'u.year_started_residing' in 'field list'
[15-Sep-2025 16:06:00 Etc/UTC] Get User Info Error: SQLSTATE[42S22]: Column not found: 1054 Unknown column 'u.year_started_residing' in 'field list'
[15-Sep-2025 16:35:17 Etc/UTC] Get User Info Error: SQLSTATE[42S22]: Column not found: 1054 Unknown column 'u.year_started_residing' in 'field list'
[15-Sep-2025 16:58:54 Etc/UTC] Get User Info Error: SQLSTATE[42S22]: Column not found: 1054 Unknown column 'u.year_started_residing' in 'field list'
[15-Sep-2025 17:02:52 Etc/UTC] Get User Info Error: SQLSTATE[42S22]: Column not found: 1054 Unknown column 'u.year_started_residing' in 'field list'
[16-Sep-2025 13:29:31 Etc/UTC] Get User Info Error: SQLSTATE[42S22]: Column not found: 1054 Unknown column 'u.year_started_residing' in 'field list'
[16-Sep-2025 13:58:18 Etc/UTC] Get User Info Error: SQLSTATE[42S22]: Column not found: 1054 Unknown column 'u.year_started_residing' in 'field list'
[16-Sep-2025 13:59:42 Etc/UTC] Get User Info Error: SQLSTATE[42S22]: Column not found: 1054 Unknown column 'u.year_started_residing' in 'field list'
[16-Sep-2025 14:23:12 Etc/UTC] Get User Info Error: SQLSTATE[42S22]: Column not found: 1054 Unknown column 'u.year_started_residing' in 'field list'
[16-Sep-2025 14:28:45 Etc/UTC] Get User Info Error: SQLSTATE[42S22]: Column not found: 1054 Unknown column 'u.year_started_residing' in 'field list'
[16-Sep-2025 14:31:49 Etc/UTC] Get User Info Error: SQLSTATE[42S22]: Column not found: 1054 Unknown column 'u.year_started_residing' in 'field list'
[16-Sep-2025 14:41:42 Etc/UTC] Get User Info Error: SQLSTATE[42S22]: Column not found: 1054 Unknown column 'u.year_started_residing' in 'field list'
[16-Sep-2025 15:07:23 Etc/UTC] Get User Info Error: SQLSTATE[42S22]: Column not found: 1054 Unknown column 'u.year_started_residing' in 'field list'
[17-Sep-2025 01:50:19 Etc/UTC] Get User Info Error: SQLSTATE[42S22]: Column not found: 1054 Unknown column 'u.year_started_residing' in 'field list'
[17-Sep-2025 01:58:03 Etc/UTC] Get User Info Error: SQLSTATE[42S22]: Column not found: 1054 Unknown column 'u.year_started_residing' in 'field list'
[17-Sep-2025 02:02:14 Etc/UTC] Get User Info Error: SQLSTATE[42S22]: Column not found: 1054 Unknown column 'u.year_started_residing' in 'field list'
[17-Sep-2025 02:04:24 Etc/UTC] Get User Info Error: SQLSTATE[42S22]: Column not found: 1054 Unknown column 'u.year_started_residing' in 'field list'
[25-Sep-2025 07:54:38 Etc/UTC] CertificateFunctions Error: Undefined variable $db in /var/www/bulaservices/data/www/bulaservicesgsc.com/bulaservicesgsc/userbulaservices/php/track_api.php:99
[25-Sep-2025 07:54:38 Etc/UTC] track_api error: hasColumn(): Argument #1 ($db) must be of type PDO, null given, called in /var/www/bulaservices/data/www/bulaservicesgsc.com/bulaservicesgsc/userbulaservices/php/track_api.php on line 99
[25-Sep-2025 07:55:35 Etc/UTC] CertificateFunctions Error: Undefined variable $db in /var/www/bulaservices/data/www/bulaservicesgsc.com/bulaservicesgsc/userbulaservices/php/track_api.php:99
[25-Sep-2025 07:55:35 Etc/UTC] track_api error: hasColumn(): Argument #1 ($db) must be of type PDO, null given, called in /var/www/bulaservices/data/www/bulaservicesgsc.com/bulaservicesgsc/userbulaservices/php/track_api.php on line 99
[25-Sep-2025 09:28:58 Etc/UTC] CertificateFunctions Exception: Call to undefined method CertificateRequest::getUserInfo()
[25-Sep-2025 09:29:34 Etc/UTC] CertificateFunctions Exception: Call to undefined method CertificateRequest::getUserInfo()
[25-Sep-2025 09:37:11 Etc/UTC] track_api error: SQLSTATE[42S02]: Base table or view not found: 1146 Table 'bulaservicesfiles.certificate_requests' doesn't exist
[25-Sep-2025 09:37:19 Etc/UTC] track_api error: SQLSTATE[42S02]: Base table or view not found: 1146 Table 'bulaservicesfiles.certificate_requests' doesn't exist
[25-Sep-2025 09:37:43 Etc/UTC] track_api error: SQLSTATE[42S02]: Base table or view not found: 1146 Table 'bulaservicesfiles.certificate_requests' doesn't exist
[25-Sep-2025 09:43:04 Etc/UTC] getUserInfo Error: SQLSTATE[42S22]: Column not found: 1054 Unknown column 'full_name' in 'field list'
[25-Sep-2025 09:43:13 Etc/UTC] getUserInfo Error: SQLSTATE[42S22]: Column not found: 1054 Unknown column 'full_name' in 'field list'
[25-Sep-2025 09:58:32 Etc/UTC] CertificateFunctions Exception: Call to undefined method CertificateRequest::getUserInfo()
[25-Sep-2025 10:15:26 Etc/UTC] track_api error: SQLSTATE[42S02]: Base table or view not found: 1146 Table 'bulaservicesfiles.certificate_requests' doesn't exist
[25-Sep-2025 15:07:32 Etc/UTC] track_api error: SQLSTATE[42S02]: Base table or view not found: 1146 Table 'bulaservicesfiles.certificate_requests' doesn't exist
[26-Sep-2025 12:23:28 Etc/UTC] CertificateFunctions Error: Undefined variable $db in /var/www/bulaservices/data/www/bulaservicesgsc.com/bulaservicesgsc/userbulaservices/php/track_api.php:95
[26-Sep-2025 12:23:28 Etc/UTC] track_api.php error: table_exists(): Argument #1 ($db) must be of type PDO, null given, called in /var/www/bulaservices/data/www/bulaservicesgsc.com/bulaservicesgsc/userbulaservices/php/track_api.php on line 95
[26-Sep-2025 12:23:32 Etc/UTC] CertificateFunctions Error: Undefined variable $db in /var/www/bulaservices/data/www/bulaservicesgsc.com/bulaservicesgsc/userbulaservices/php/track_api.php:95
[26-Sep-2025 12:23:32 Etc/UTC] track_api.php error: table_exists(): Argument #1 ($db) must be of type PDO, null given, called in /var/www/bulaservices/data/www/bulaservicesgsc.com/bulaservicesgsc/userbulaservices/php/track_api.php on line 95
[26-Sep-2025 12:23:42 Etc/UTC] CertificateFunctions Error: Undefined variable $db in /var/www/bulaservices/data/www/bulaservicesgsc.com/bulaservicesgsc/userbulaservices/php/track_api.php:95
[26-Sep-2025 12:23:42 Etc/UTC] track_api.php error: table_exists(): Argument #1 ($db) must be of type PDO, null given, called in /var/www/bulaservices/data/www/bulaservicesgsc.com/bulaservicesgsc/userbulaservices/php/track_api.php on line 95
[13-Oct-2025 11:57:35 Etc/UTC] PAGE session_id=5mof3f5paunaqld19d2vphh8lv uid=9
[13-Oct-2025 12:01:11 Etc/UTC] PAGE session_id=5mof3f5paunaqld19d2vphh8lv uid=9
[13-Oct-2025 12:10:16 Etc/UTC] PAGE session_id=5mof3f5paunaqld19d2vphh8lv uid=9
[13-Oct-2025 12:10:24 Etc/UTC] PAGE session_id=5mof3f5paunaqld19d2vphh8lv uid=9
[13-Oct-2025 12:10:33 Etc/UTC] PAGE session_id=5mof3f5paunaqld19d2vphh8lv uid=9
[13-Oct-2025 12:10:33 Etc/UTC] CertificateFunctions Exception: htmlspecialchars(): Argument #1 ($string) must be of type string, int given
[13-Oct-2025 12:10:47 Etc/UTC] PAGE session_id=5mof3f5paunaqld19d2vphh8lv uid=9
[13-Oct-2025 12:10:47 Etc/UTC] CertificateFunctions Exception: htmlspecialchars(): Argument #1 ($string) must be of type string, int given
[13-Oct-2025 12:11:21 Etc/UTC] PAGE session_id=5mof3f5paunaqld19d2vphh8lv uid=9
[13-Oct-2025 12:11:21 Etc/UTC] CertificateFunctions Exception: htmlspecialchars(): Argument #1 ($string) must be of type string, int given
[18-Oct-2025 11:56:43 Etc/UTC] PHP Warning:  http_response_code(): Cannot set response code - headers already sent (output started at /var/www/bulaservices/data/www/bulaservicesgsc.com/bulaservicesgsc/userbulaservices/track.php:66) in /var/www/bulaservices/data/www/bulaservicesgsc.com/bulaservicesgsc/userbulaservices/server/certificate_functions.php on line 21
[18-Oct-2025 11:56:43 Etc/UTC] PHP Warning:  Cannot modify header information - headers already sent by (output started at /var/www/bulaservices/data/www/bulaservicesgsc.com/bulaservicesgsc/userbulaservices/track.php:66) in /var/www/bulaservices/data/www/bulaservicesgsc.com/bulaservicesgsc/userbulaservices/server/certificate_functions.php on line 22
[18-Oct-2025 11:56:43 Etc/UTC] CertificateFunctions Error: Undefined variable $fullName in /var/www/bulaservices/data/www/bulaservicesgsc.com/bulaservicesgsc/userbulaservices/track.php:207
[18-Oct-2025 11:59:06 Etc/UTC] PHP Warning:  http_response_code(): Cannot set response code - headers already sent (output started at /var/www/bulaservices/data/www/bulaservicesgsc.com/bulaservicesgsc/userbulaservices/track.php:67) in /var/www/bulaservices/data/www/bulaservicesgsc.com/bulaservicesgsc/userbulaservices/server/certificate_functions.php on line 21
[18-Oct-2025 11:59:06 Etc/UTC] PHP Warning:  Cannot modify header information - headers already sent by (output started at /var/www/bulaservices/data/www/bulaservicesgsc.com/bulaservicesgsc/userbulaservices/track.php:67) in /var/www/bulaservices/data/www/bulaservicesgsc.com/bulaservicesgsc/userbulaservices/server/certificate_functions.php on line 22
[18-Oct-2025 11:59:06 Etc/UTC] CertificateFunctions Error: Undefined variable $fullName in /var/www/bulaservices/data/www/bulaservicesgsc.com/bulaservicesgsc/userbulaservices/track.php:208
[18-Oct-2025 11:59:19 Etc/UTC] PHP Warning:  http_response_code(): Cannot set response code - headers already sent (output started at /var/www/bulaservices/data/www/bulaservicesgsc.com/bulaservicesgsc/userbulaservices/track.php:67) in /var/www/bulaservices/data/www/bulaservicesgsc.com/bulaservicesgsc/userbulaservices/server/certificate_functions.php on line 21
[18-Oct-2025 11:59:19 Etc/UTC] PHP Warning:  Cannot modify header information - headers already sent by (output started at /var/www/bulaservices/data/www/bulaservicesgsc.com/bulaservicesgsc/userbulaservices/track.php:67) in /var/www/bulaservices/data/www/bulaservicesgsc.com/bulaservicesgsc/userbulaservices/server/certificate_functions.php on line 22
[18-Oct-2025 11:59:19 Etc/UTC] CertificateFunctions Error: Undefined variable $fullName in /var/www/bulaservices/data/www/bulaservicesgsc.com/bulaservicesgsc/userbulaservices/track.php:208
[18-Oct-2025 11:59:22 Etc/UTC] PHP Warning:  http_response_code(): Cannot set response code - headers already sent (output started at /var/www/bulaservices/data/www/bulaservicesgsc.com/bulaservicesgsc/userbulaservices/track.php:67) in /var/www/bulaservices/data/www/bulaservicesgsc.com/bulaservicesgsc/userbulaservices/server/certificate_functions.php on line 21
[18-Oct-2025 11:59:22 Etc/UTC] PHP Warning:  Cannot modify header information - headers already sent by (output started at /var/www/bulaservices/data/www/bulaservicesgsc.com/bulaservicesgsc/userbulaservices/track.php:67) in /var/www/bulaservices/data/www/bulaservicesgsc.com/bulaservicesgsc/userbulaservices/server/certificate_functions.php on line 22
[18-Oct-2025 11:59:22 Etc/UTC] CertificateFunctions Error: Undefined variable $fullName in /var/www/bulaservices/data/www/bulaservicesgsc.com/bulaservicesgsc/userbulaservices/track.php:208
[18-Oct-2025 13:03:24 Etc/UTC] PHP Warning:  http_response_code(): Cannot set response code - headers already sent (output started at /var/www/bulaservices/data/www/bulaservicesgsc.com/bulaservicesgsc/userbulaservices/track.php:67) in /var/www/bulaservices/data/www/bulaservicesgsc.com/bulaservicesgsc/userbulaservices/server/certificate_functions.php on line 21
[18-Oct-2025 13:03:24 Etc/UTC] PHP Warning:  Cannot modify header information - headers already sent by (output started at /var/www/bulaservices/data/www/bulaservicesgsc.com/bulaservicesgsc/userbulaservices/track.php:67) in /var/www/bulaservices/data/www/bulaservicesgsc.com/bulaservicesgsc/userbulaservices/server/certificate_functions.php on line 22
[18-Oct-2025 13:03:24 Etc/UTC] CertificateFunctions Error: Undefined variable $fullName in /var/www/bulaservices/data/www/bulaservicesgsc.com/bulaservicesgsc/userbulaservices/track.php:208
[19-Oct-2025 05:31:37 Etc/UTC] PHP Warning:  http_response_code(): Cannot set response code - headers already sent (output started at /var/www/bulaservices/data/www/bulaservicesgsc.com/bulaservicesgsc/userbulaservices/track.php:67) in /var/www/bulaservices/data/www/bulaservicesgsc.com/bulaservicesgsc/userbulaservices/server/certificate_functions.php on line 21
[19-Oct-2025 05:31:37 Etc/UTC] PHP Warning:  Cannot modify header information - headers already sent by (output started at /var/www/bulaservices/data/www/bulaservicesgsc.com/bulaservicesgsc/userbulaservices/track.php:67) in /var/www/bulaservices/data/www/bulaservicesgsc.com/bulaservicesgsc/userbulaservices/server/certificate_functions.php on line 22
[19-Oct-2025 05:31:37 Etc/UTC] CertificateFunctions Error: Undefined variable $fullName in /var/www/bulaservices/data/www/bulaservicesgsc.com/bulaservicesgsc/userbulaservices/track.php:208
[19-Oct-2025 17:01:40 Etc/UTC] PHP Warning:  http_response_code(): Cannot set response code - headers already sent (output started at /var/www/bulaservices/data/www/bulaservicesgsc.com/bulaservicesgsc/userbulaservices/track.php:67) in /var/www/bulaservices/data/www/bulaservicesgsc.com/bulaservicesgsc/userbulaservices/server/certificate_functions.php on line 21
[19-Oct-2025 17:01:40 Etc/UTC] PHP Warning:  Cannot modify header information - headers already sent by (output started at /var/www/bulaservices/data/www/bulaservicesgsc.com/bulaservicesgsc/userbulaservices/track.php:67) in /var/www/bulaservices/data/www/bulaservicesgsc.com/bulaservicesgsc/userbulaservices/server/certificate_functions.php on line 22
[19-Oct-2025 17:01:40 Etc/UTC] CertificateFunctions Error: Undefined variable $fullName in /var/www/bulaservices/data/www/bulaservicesgsc.com/bulaservicesgsc/userbulaservices/track.php:208
[20-Oct-2025 06:06:44 Etc/UTC] PHP Warning:  http_response_code(): Cannot set response code - headers already sent (output started at /var/www/bulaservices/data/www/bulaservicesgsc.com/bulaservicesgsc/userbulaservices/track.php:67) in /var/www/bulaservices/data/www/bulaservicesgsc.com/bulaservicesgsc/userbulaservices/server/certificate_functions.php on line 21
[20-Oct-2025 06:06:44 Etc/UTC] PHP Warning:  Cannot modify header information - headers already sent by (output started at /var/www/bulaservices/data/www/bulaservicesgsc.com/bulaservicesgsc/userbulaservices/track.php:67) in /var/www/bulaservices/data/www/bulaservicesgsc.com/bulaservicesgsc/userbulaservices/server/certificate_functions.php on line 22
[20-Oct-2025 06:06:44 Etc/UTC] CertificateFunctions Error: Undefined variable $fullName in /var/www/bulaservices/data/www/bulaservicesgsc.com/bulaservicesgsc/userbulaservices/track.php:208
[20-Oct-2025 06:07:03 Etc/UTC] PHP Warning:  http_response_code(): Cannot set response code - headers already sent (output started at /var/www/bulaservices/data/www/bulaservicesgsc.com/bulaservicesgsc/userbulaservices/track.php:67) in /var/www/bulaservices/data/www/bulaservicesgsc.com/bulaservicesgsc/userbulaservices/server/certificate_functions.php on line 21
[20-Oct-2025 06:07:03 Etc/UTC] PHP Warning:  Cannot modify header information - headers already sent by (output started at /var/www/bulaservices/data/www/bulaservicesgsc.com/bulaservicesgsc/userbulaservices/track.php:67) in /var/www/bulaservices/data/www/bulaservicesgsc.com/bulaservicesgsc/userbulaservices/server/certificate_functions.php on line 22
[20-Oct-2025 06:07:03 Etc/UTC] CertificateFunctions Error: Undefined variable $fullName in /var/www/bulaservices/data/www/bulaservicesgsc.com/bulaservicesgsc/userbulaservices/track.php:208
[20-Oct-2025 06:14:56 Etc/UTC] PHP Warning:  http_response_code(): Cannot set response code - headers already sent (output started at /var/www/bulaservices/data/www/bulaservicesgsc.com/bulaservicesgsc/userbulaservices/track.php:67) in /var/www/bulaservices/data/www/bulaservicesgsc.com/bulaservicesgsc/userbulaservices/server/certificate_functions.php on line 21
[20-Oct-2025 06:14:56 Etc/UTC] PHP Warning:  Cannot modify header information - headers already sent by (output started at /var/www/bulaservices/data/www/bulaservicesgsc.com/bulaservicesgsc/userbulaservices/track.php:67) in /var/www/bulaservices/data/www/bulaservicesgsc.com/bulaservicesgsc/userbulaservices/server/certificate_functions.php on line 22
[20-Oct-2025 06:14:56 Etc/UTC] CertificateFunctions Error: Undefined variable $fullName in /var/www/bulaservices/data/www/bulaservicesgsc.com/bulaservicesgsc/userbulaservices/track.php:208
[20-Oct-2025 06:27:22 Etc/UTC] PHP Warning:  http_response_code(): Cannot set response code - headers already sent (output started at /var/www/bulaservices/data/www/bulaservicesgsc.com/bulaservicesgsc/userbulaservices/track.php:67) in /var/www/bulaservices/data/www/bulaservicesgsc.com/bulaservicesgsc/userbulaservices/server/certificate_functions.php on line 21
[20-Oct-2025 06:27:22 Etc/UTC] PHP Warning:  Cannot modify header information - headers already sent by (output started at /var/www/bulaservices/data/www/bulaservicesgsc.com/bulaservicesgsc/userbulaservices/track.php:67) in /var/www/bulaservices/data/www/bulaservicesgsc.com/bulaservicesgsc/userbulaservices/server/certificate_functions.php on line 22
[20-Oct-2025 06:27:22 Etc/UTC] CertificateFunctions Error: Undefined variable $fullName in /var/www/bulaservices/data/www/bulaservicesgsc.com/bulaservicesgsc/userbulaservices/track.php:208
